
> Configure project :app
w: file:///C:/Users/sergi/Escritorio/PADELYMORE/TManager-main/TManager-main/app/build.gradle.kts:37:9: 'jvmTarget: String' is deprecated. Please migrate to the compilerOptions DSL. More details are here: https://kotl.in/u1r8ln
./gradlew : e: file:///C:/Users/sergi/Escritorio/PADELYMORE/TManager-main/TManager-main/app/build.gradle.kts:42:9: Using 'kotlinOptions: KotlinJvmOptions' is an error. Please migrate to the compilerOptions DSL. More details 
are here: https://kotl.in/u1r8ln
En línea: 1 Carácter: 73
+ ... main\TManager-main" ; ./gradlew build 2>&1 > build_output.txt ; cat b ...
+                           ~~~~~~~~~~~~~~~~~~~~~~~~~~~~~~~~~~~~~~~
    + CategoryInfo          : NotSpecified: (e: file:///C:/U.../kotl.in/u1r8ln:String) [], RemoteException
    + FullyQualifiedErrorId : NativeCommandError
 
e: file:///C:/Users/sergi/Escritorio/PADELYMORE/TManager-main/TManager-main/app/build.gradle.kts:42:9: Using 'kotlinOptions: KotlinJvmOptions' is an error. Please migrate to the compilerOptions DSL. More details are here: 
https://kotl.in/u1r8ln
w: file:///C:/Users/sergi/Escritorio/PADELYMORE/TManager-main/TManager-main/app/build.gradle.kts:42:23: 'jvmTarget: String' is deprecated. Please migrate to the compilerOptions DSL. More details are here: https://kotl.in/u1r8ln

FAILURE: Build failed with an exception.

* Where:
Build file 'C:\Users\sergi\Escritorio\PADELYMORE\TManager-main\TManager-main\app\build.gradle.kts' line: 37

* What went wrong:
Script compilation errors:

  Line 37:         jvmTarget = "17"
                   ^ 'jvmTarget: String' is deprecated. Please migrate to the compilerOptions DSL. More details are here: https://kotl.in/u1r8ln

  Line 42:         kotlinOptions.jvmTarget = "17"
                   ^ Using 'kotlinOptions: KotlinJvmOptions' is an error. Please migrate to the compilerOptions DSL. More details are here: https://kotl.in/u1r8ln

  Line 42:         kotlinOptions.jvmTarget = "17"
                   ^ Using 'kotlinOptions: KotlinJvmOptions' is an error. Please migrate to the compilerOptions DSL. More details are here: https://kotl.in/u1r8ln

  Line 42:         kotlinOptions.jvmTarget = "17"
                                 ^ 'jvmTarget: String' is deprecated. Please migrate to the compilerOptions DSL. More details are here: https://kotl.in/u1r8ln

4 errors

* Try:
> Run with --stacktrace option to get the stack trace.
> Run with --info or --debug option to get more log output.
> Run with --scan to get full insights.
> Get more help at https://help.gradle.org.

BUILD FAILED in 1s
